// Jest Snapshot v1, https://goo.gl/fbAQLP

exports[`BaseInboxScreen Default state Renders with tasks from store 1`] = `
<div class="container container--fluid">
  <div>
    <nav>
      <h1 class="title">Taskbox</h1>
    </nav>
    <div>
      <!---->
      <!---->
      <div role="list" class="v-list v-sheet v-sheet--tile theme--light">
        <div tabindex="-1" role="listitem" class="v-list-item theme--light">
          <div class="v-list-item__action"><button type="button" class="task__archive-button v-btn v-btn--flat v-btn--icon v-btn--round v-btn--text theme--light v-size--default" aria-label="archive task"><span class="v-btn__content"><i aria-hidden="true" class="v-icon notranslate mdi mdi-checkbox-blank-outline theme--light"></i></span></button></div>
          <div class="v-list-item__content">
            <div class="v-list-item__title">Task 1</div>
          </div>
          <div class="v-list-item__action"><button type="button" class="task__pin-button v-btn v-btn--flat v-btn--icon v-btn--round v-btn--text theme--light v-size--default" aria-label="pin task"><span class="v-btn__content"><i aria-hidden="true" class="v-icon notranslate mdi mdi-star-outline theme--light"></i></span></button></div>
        </div>
        <div tabindex="-1" role="listitem" class="v-list-item theme--light">
          <div class="v-list-item__action"><button type="button" class="task__archive-button v-btn v-btn--flat v-btn--icon v-btn--round v-btn--text theme--light v-size--default" aria-label="archive task"><span class="v-btn__content"><i aria-hidden="true" class="v-icon notranslate mdi mdi-checkbox-blank-outline theme--light"></i></span></button></div>
          <div class="v-list-item__content">
            <div class="v-list-item__title">Task 2</div>
          </div>
          <div class="v-list-item__action"><button type="button" class="task__pin-button v-btn v-btn--flat v-btn--icon v-btn--round v-btn--text theme--light v-size--default" aria-label="pin task"><span class="v-btn__content"><i aria-hidden="true" class="v-icon notranslate mdi mdi-star-outline theme--light"></i></span></button></div>
        </div>
        <div tabindex="-1" role="listitem" class="v-list-item theme--light">
          <div class="v-list-item__action"><button type="button" class="task__archive-button v-btn v-btn--flat v-btn--icon v-btn--round v-btn--text theme--light v-size--default" aria-label="archive task"><span class="v-btn__content"><i aria-hidden="true" class="v-icon notranslate mdi mdi-checkbox-blank-outline theme--light"></i></span></button></div>
          <div class="v-list-item__content">
            <div class="v-list-item__title">Task 3</div>
          </div>
          <div class="v-list-item__action"><button type="button" class="task__pin-button v-btn v-btn--flat v-btn--icon v-btn--round v-btn--text theme--light v-size--default" aria-label="pin task"><span class="v-btn__content"><i aria-hidden="true" class="v-icon notranslate mdi mdi-star-outline theme--light"></i></span></button></div>
        </div>
        <div tabindex="-1" role="listitem" class="v-list-item theme--light">
          <div class="v-list-item__action"><button type="button" class="task__archive-button v-btn v-btn--flat v-btn--icon v-btn--round v-btn--text theme--light v-size--default" aria-label="archive task"><span class="v-btn__content"><i aria-hidden="true" class="v-icon notranslate mdi mdi-checkbox-blank-outline theme--light"></i></span></button></div>
          <div class="v-list-item__content">
            <div class="v-list-item__title">Task 4</div>
          </div>
          <div class="v-list-item__action"><button type="button" class="task__pin-button v-btn v-btn--flat v-btn--icon v-btn--round v-btn--text theme--light v-size--default" aria-label="pin task"><span class="v-btn__content"><i aria-hidden="true" class="v-icon notranslate mdi mdi-star-outline theme--light"></i></span></button></div>
        </div>
        <div tabindex="-1" role="listitem" class="v-list-item theme--light">
          <div class="v-list-item__action"><button type="button" class="task__archive-button v-btn v-btn--flat v-btn--icon v-btn--round v-btn--text theme--light v-size--default" aria-label="archive task"><span class="v-btn__content"><i aria-hidden="true" class="v-icon notranslate mdi mdi-checkbox-blank-outline theme--light"></i></span></button></div>
          <div class="v-list-item__content">
            <div class="v-list-item__title">Task 5</div>
          </div>
          <div class="v-list-item__action"><button type="button" class="task__pin-button v-btn v-btn--flat v-btn--icon v-btn--round v-btn--text theme--light v-size--default" aria-label="pin task"><span class="v-btn__content"><i aria-hidden="true" class="v-icon notranslate mdi mdi-star-outline theme--light"></i></span></button></div>
        </div>
        <div tabindex="-1" role="listitem" class="v-list-item theme--light">
          <div class="v-list-item__action"><button type="button" class="task__archive-button v-btn v-btn--flat v-btn--icon v-btn--round v-btn--text theme--light v-size--default" aria-label="archive task"><span class="v-btn__content"><i aria-hidden="true" class="v-icon notranslate mdi mdi-checkbox-blank-outline theme--light"></i></span></button></div>
          <div class="v-list-item__content">
            <div class="v-list-item__title">Task 6</div>
          </div>
          <div class="v-list-item__action"><button type="button" class="task__pin-button v-btn v-btn--flat v-btn--icon v-btn--round v-btn--text theme--light v-size--default" aria-label="pin task"><span class="v-btn__content"><i aria-hidden="true" class="v-icon notranslate mdi mdi-star-outline theme--light"></i></span></button></div>
        </div>
      </div>
    </div>
  </div>
</div>
`;

exports[`BaseInboxScreen Error state Renders correct markup 1`] = `
<div class="container container--fluid">
  <div role="alert" class="v-alert v-sheet theme--dark v-alert--prominent error">
    <div class="v-alert__wrapper"><i aria-hidden="true" class="v-icon notranslate v-alert__icon material-icons theme--dark">$error</i>
      <div class="v-alert__content">
        <div class="title">Oh No!</div>
        <div>Something went wrong</div>
      </div>
    </div>
  </div>
</div>
`;
