// Jest Snapshot v1, https://goo.gl/fbAQLP

exports[`TaskList Default State renders correct markup 1`] = `<div tasks="[object Object]"></div>`;
